  Game.cpp
C:\Users\jakef\Desktop\College\Project\4th_year_final_project\BeatBreaker\MIDIParse.h(145,28): warning C4245: 'initializing': conversion from 'int' to 'uint32_t', signed/unsigned mismatch
  (compiling source file 'Game.cpp')
  
C:\Users\jakef\Desktop\College\Project\4th_year_final_project\BeatBreaker\MIDIParse.h(146,26): warning C4245: 'initializing': conversion from 'int' to 'uint16_t', signed/unsigned mismatch
  (compiling source file 'Game.cpp')
  
C:\Users\jakef\Desktop\College\Project\4th_year_final_project\BeatBreaker\MIDIParse.h(147,25): warning C4245: 'initializing': conversion from 'int' to 'uint16_t', signed/unsigned mismatch
  (compiling source file 'Game.cpp')
  
C:\Users\jakef\Desktop\College\Project\4th_year_final_project\BeatBreaker\MIDIParse.h(148,31): warning C4245: 'initializing': conversion from 'int' to 'uint16_t', signed/unsigned mismatch
  (compiling source file 'Game.cpp')
  
C:\Users\jakef\Desktop\College\Project\4th_year_final_project\BeatBreaker\TrackVisualiser.h(94,49): warning C4244: 'argument': conversion from 'float' to 'uint8_t', possible loss of data
  (compiling source file 'Game.cpp')
  
C:\Users\jakef\Desktop\College\Project\4th_year_final_project\BeatBreaker\TrackVisualiser.h(94,41): warning C4244: 'argument': conversion from 'float' to 'uint8_t', possible loss of data
  (compiling source file 'Game.cpp')
  
C:\Users\jakef\Desktop\College\Project\4th_year_final_project\BeatBreaker\TrackVisualiser.h(94,34): warning C4244: 'argument': conversion from 'float' to 'uint8_t', possible loss of data
  (compiling source file 'Game.cpp')
  
C:\Users\jakef\Desktop\College\Project\4th_year_final_project\BeatBreaker\Game.cpp(227,7): warning C4189: 'm_tempScore': local variable is initialized but not referenced
C:\Users\jakef\Desktop\College\Project\4th_year_final_project\BeatBreaker\Game.cpp(240,31): warning C4189: 'newKeyPress': local variable is initialized but not referenced
C:\Users\jakef\Desktop\College\Project\4th_year_final_project\BeatBreaker\Game.cpp(243,62): warning C4100: 't_event': unreferenced parameter
C:\Users\jakef\Desktop\College\Project\4th_year_final_project\BeatBreaker\Game.cpp(249,40): warning C4189: 'newMouseReleased': local variable is initialized but not referenced
C:\Users\jakef\Desktop\College\Project\4th_year_final_project\BeatBreaker\Game.cpp(444,7): warning C4189: 'buttonFound': local variable is initialized but not referenced
C:\Users\jakef\Desktop\College\Project\4th_year_final_project\BeatBreaker\Game.cpp(457,34): warning C4100: 'dtSeconds': unreferenced parameter
C:\Users\jakef\Desktop\College\Project\4th_year_final_project\BeatBreaker\Game.cpp(796,25): warning C4244: 'initializing': conversion from 'DWORD_PTR' to 'unsigned char', possible loss of data
C:\Users\jakef\Desktop\College\Project\4th_year_final_project\BeatBreaker\Game.cpp(797,26): warning C4244: 'initializing': conversion from 'DWORD_PTR' to 'unsigned char', possible loss of data
C:\Users\jakef\Desktop\College\Project\4th_year_final_project\BeatBreaker\Game.cpp(798,26): warning C4244: 'initializing': conversion from 'DWORD_PTR' to 'unsigned char', possible loss of data
C:\Users\jakef\Desktop\College\Project\4th_year_final_project\BeatBreaker\Game.cpp(772,12): warning C4100: 'dwParam2': unreferenced parameter
C:\Users\jakef\Desktop\College\Project\4th_year_final_project\BeatBreaker\Game.cpp(768,10): warning C4100: 'hMidiIn': unreferenced parameter
C:\Users\jakef\Desktop\College\Project\4th_year_final_project\BeatBreaker\Game.cpp(790,12): warning C4189: 'CC_LSB_VOLUME': local variable is initialized but not referenced
C:\Users\jakef\Desktop\College\Project\4th_year_final_project\BeatBreaker\Game.cpp(789,12): warning C4189: 'CC_PAN': local variable is initialized but not referenced
C:\Users\jakef\Desktop\College\Project\4th_year_final_project\BeatBreaker\Game.cpp(788,12): warning C4189: 'CC_CHANNELVOLUME': local variable is initialized but not referenced
  MIDIParse.cpp
C:\Users\jakef\Desktop\College\Project\4th_year_final_project\BeatBreaker\MIDIParse.h(145,28): warning C4245: 'initializing': conversion from 'int' to 'uint32_t', signed/unsigned mismatch
  (compiling source file 'MIDIParse.cpp')
  
C:\Users\jakef\Desktop\College\Project\4th_year_final_project\BeatBreaker\MIDIParse.h(146,26): warning C4245: 'initializing': conversion from 'int' to 'uint16_t', signed/unsigned mismatch
  (compiling source file 'MIDIParse.cpp')
  
C:\Users\jakef\Desktop\College\Project\4th_year_final_project\BeatBreaker\MIDIParse.h(147,25): warning C4245: 'initializing': conversion from 'int' to 'uint16_t', signed/unsigned mismatch
  (compiling source file 'MIDIParse.cpp')
  
C:\Users\jakef\Desktop\College\Project\4th_year_final_project\BeatBreaker\MIDIParse.h(148,31): warning C4245: 'initializing': conversion from 'int' to 'uint16_t', signed/unsigned mismatch
  (compiling source file 'MIDIParse.cpp')
  
C:\Users\jakef\Desktop\College\Project\4th_year_final_project\BeatBreaker\MIDIParse.cpp(269,10): warning C4189: 'thirtyTwoSecsPerQuarter': local variable is initialized but not referenced
C:\Users\jakef\Desktop\College\Project\4th_year_final_project\BeatBreaker\MIDIParse.cpp(268,10): warning C4189: 'clocksPerMetronomeClick': local variable is initialized but not referenced
C:\Users\jakef\Desktop\College\Project\4th_year_final_project\BeatBreaker\MIDIParse.cpp(315,10): warning C4189: 'velocity': local variable is initialized but not referenced
  Generating Code...
  BeatBreaker.vcxproj -> C:\Users\jakef\Desktop\College\Project\4th_year_final_project\BeatBreaker\Debug\BeatBreaker.exe
