c:\users\jakef\desktop\college\project\4th_year_final_project\beatbreaker\beatbreaker\debug\vc143.pdb
c:\users\jakef\desktop\college\project\4th_year_final_project\beatbreaker\beatbreaker\debug\vc143.idb
c:\users\jakef\desktop\college\project\4th_year_final_project\beatbreaker\beatbreaker\debug\scoremanager.obj
c:\users\jakef\desktop\college\project\4th_year_final_project\beatbreaker\beatbreaker\debug\pianovisualiser.obj
c:\users\jakef\desktop\college\project\4th_year_final_project\beatbreaker\beatbreaker\debug\options.obj
c:\users\jakef\desktop\college\project\4th_year_final_project\beatbreaker\beatbreaker\debug\midiwrite.obj
c:\users\jakef\desktop\college\project\4th_year_final_project\beatbreaker\beatbreaker\debug\midiparse.obj
c:\users\jakef\desktop\college\project\4th_year_final_project\beatbreaker\beatbreaker\debug\midifileselect.obj
c:\users\jakef\desktop\college\project\4th_year_final_project\beatbreaker\beatbreaker\debug\mainmenu.obj
c:\users\jakef\desktop\college\project\4th_year_final_project\beatbreaker\beatbreaker\debug\main.obj
c:\users\jakef\desktop\college\project\4th_year_final_project\beatbreaker\beatbreaker\debug\leaderboard.obj
c:\users\jakef\desktop\college\project\4th_year_final_project\beatbreaker\beatbreaker\debug\keyboard.obj
c:\users\jakef\desktop\college\project\4th_year_final_project\beatbreaker\beatbreaker\debug\inputfield.obj
c:\users\jakef\desktop\college\project\4th_year_final_project\beatbreaker\beatbreaker\debug\hud.obj
c:\users\jakef\desktop\college\project\4th_year_final_project\beatbreaker\beatbreaker\debug\griddisplay.obj
c:\users\jakef\desktop\college\project\4th_year_final_project\beatbreaker\beatbreaker\debug\gameplay.obj
c:\users\jakef\desktop\college\project\4th_year_final_project\beatbreaker\beatbreaker\debug\gameover.obj
c:\users\jakef\desktop\college\project\4th_year_final_project\beatbreaker\beatbreaker\debug\game.obj
c:\users\jakef\desktop\college\project\4th_year_final_project\beatbreaker\beatbreaker\debug\drumvisualiser.obj
c:\users\jakef\desktop\college\project\4th_year_final_project\beatbreaker\beatbreaker\debug\database.obj
c:\users\jakef\desktop\college\project\4th_year_final_project\beatbreaker\beatbreaker\debug\collisionmanager.obj
c:\users\jakef\desktop\college\project\4th_year_final_project\beatbreaker\beatbreaker\debug\bg_scroll.obj
c:\users\jakef\desktop\college\project\4th_year_final_project\beatbreaker\beatbreaker\debug\visualiserselect.obj
c:\users\jakef\desktop\college\project\4th_year_final_project\beatbreaker\beatbreaker\debug\utilities.obj
c:\users\jakef\desktop\college\project\4th_year_final_project\beatbreaker\beatbreaker\debug\trackvisualiser.obj
c:\users\jakef\desktop\college\project\4th_year_final_project\beatbreaker\beatbreaker\debug\soundmanager.obj
c:\users\jakef\desktop\college\project\4th_year_final_project\beatbreaker\beatbreaker\debug\songselect.obj
c:\users\jakef\desktop\college\project\4th_year_final_project\beatbreaker\debug\beatbreaker.exe
c:\users\jakef\desktop\college\project\4th_year_final_project\beatbreaker\debug\beatbreaker.pdb
c:\users\jakef\desktop\college\project\4th_year_final_project\beatbreaker\beatbreaker\debug\beatbreaker.ilk
c:\users\jakef\desktop\college\project\4th_year_final_project\beatbreaker\beatbreaker\debug\beatbreaker.tlog\cl.command.1.tlog
c:\users\jakef\desktop\college\project\4th_year_final_project\beatbreaker\beatbreaker\debug\beatbreaker.tlog\cl.items.tlog
c:\users\jakef\desktop\college\project\4th_year_final_project\beatbreaker\beatbreaker\debug\beatbreaker.tlog\cl.read.1.tlog
c:\users\jakef\desktop\college\project\4th_year_final_project\beatbreaker\beatbreaker\debug\beatbreaker.tlog\cl.write.1.tlog
c:\users\jakef\desktop\college\project\4th_year_final_project\beatbreaker\beatbreaker\debug\beatbreaker.tlog\link.command.1.tlog
c:\users\jakef\desktop\college\project\4th_year_final_project\beatbreaker\beatbreaker\debug\beatbreaker.tlog\link.read.1.tlog
c:\users\jakef\desktop\college\project\4th_year_final_project\beatbreaker\beatbreaker\debug\beatbreaker.tlog\link.secondary.1.tlog
c:\users\jakef\desktop\college\project\4th_year_final_project\beatbreaker\beatbreaker\debug\beatbreaker.tlog\link.write.1.tlog
