  main.cpp
C:\Program Files (x86)\Windows Kits\10\Include\10.0.26100.0\um\sqltypes.h(64,9): error C4430: missing type specifier - int assumed. Note: C++ does not support default-int
  (compiling source file 'main.cpp')
  
C:\Program Files (x86)\Windows Kits\10\Include\10.0.26100.0\um\sqltypes.h(64,25): error C2146: syntax error: missing ';' before identifier 'SQLLEN'
  (compiling source file 'main.cpp')
  
C:\Program Files (x86)\Windows Kits\10\Include\10.0.26100.0\um\sqltypes.h(64,25): error C4430: missing type specifier - int assumed. Note: C++ does not support default-int
  (compiling source file 'main.cpp')
  
C:\Program Files (x86)\Windows Kits\10\Include\10.0.26100.0\um\sqltypes.h(65,9): error C4430: missing type specifier - int assumed. Note: C++ does not support default-int
  (compiling source file 'main.cpp')
  
C:\Program Files (x86)\Windows Kits\10\Include\10.0.26100.0\um\sqltypes.h(65,25): error C2146: syntax error: missing ';' before identifier 'SQLULEN'
  (compiling source file 'main.cpp')
  
C:\Program Files (x86)\Windows Kits\10\Include\10.0.26100.0\um\sqltypes.h(65,25): error C4430: missing type specifier - int assumed. Note: C++ does not support default-int
  (compiling source file 'main.cpp')
  
C:\Program Files (x86)\Windows Kits\10\Include\10.0.26100.0\um\sqltypes.h(289,11): error C3646: 'Data1': unknown override specifier
  (compiling source file 'main.cpp')
  
C:\Program Files (x86)\Windows Kits\10\Include\10.0.26100.0\um\sqltypes.h(289,5): error C4430: missing type specifier - int assumed. Note: C++ does not support default-int
  (compiling source file 'main.cpp')
  
C:\Program Files (x86)\Windows Kits\10\Include\10.0.26100.0\um\sqltypes.h(290,10): error C3646: 'Data2': unknown override specifier
  (compiling source file 'main.cpp')
  
C:\Program Files (x86)\Windows Kits\10\Include\10.0.26100.0\um\sqltypes.h(290,5): error C4430: missing type specifier - int assumed. Note: C++ does not support default-int
  (compiling source file 'main.cpp')
  
C:\Program Files (x86)\Windows Kits\10\Include\10.0.26100.0\um\sqltypes.h(291,10): error C3646: 'Data3': unknown override specifier
  (compiling source file 'main.cpp')
  
C:\Program Files (x86)\Windows Kits\10\Include\10.0.26100.0\um\sqltypes.h(291,5): error C4430: missing type specifier - int assumed. Note: C++ does not support default-int
  (compiling source file 'main.cpp')
  
C:\Program Files (x86)\Windows Kits\10\Include\10.0.26100.0\um\sqltypes.h(292,10): error C3646: 'Data4': unknown override specifier
  (compiling source file 'main.cpp')
  
C:\Program Files (x86)\Windows Kits\10\Include\10.0.26100.0\um\sqltypes.h(292,15): error C2143: syntax error: missing ',' before '['
  (compiling source file 'main.cpp')
  
C:\Program Files (x86)\Windows Kits\10\Include\10.0.26100.0\um\sqltypes.h(292,20): error C2238: unexpected token(s) preceding ';'
  (compiling source file 'main.cpp')
  
C:\Program Files (x86)\Windows Kits\10\Include\10.0.26100.0\um\sqltypes.h(297,9): error C4430: missing type specifier - int assumed. Note: C++ does not support default-int
  (compiling source file 'main.cpp')
  
C:\Program Files (x86)\Windows Kits\10\Include\10.0.26100.0\um\sqltypes.h(297,9): error C2378: 'SQLULEN': redefinition; symbol cannot be overloaded with a typedef
  (compiling source file 'main.cpp')
      C:\Program Files (x86)\Windows Kits\10\Include\10.0.26100.0\um\sqltypes.h(65,25):
      see declaration of 'SQLULEN'
  
C:\Program Files (x86)\Windows Kits\10\Include\10.0.26100.0\um\sqltypes.h(297,25): error C2146: syntax error: missing ';' before identifier 'BOOKMARK'
  (compiling source file 'main.cpp')
  
C:\Program Files (x86)\Windows Kits\10\Include\10.0.26100.0\um\sqltypes.h(297,25): error C4430: missing type specifier - int assumed. Note: C++ does not support default-int
  (compiling source file 'main.cpp')
  
C:\Program Files (x86)\Windows Kits\10\Include\10.0.26100.0\um\sql.h(621,12): error C2061: syntax error: identifier 'SQLLEN'
  (compiling source file 'main.cpp')
  
C:\Program Files (x86)\Windows Kits\10\Include\10.0.26100.0\um\sql.h(627,39): error C2061: syntax error: identifier 'SQLULEN'
  (compiling source file 'main.cpp')
  
C:\Program Files (x86)\Windows Kits\10\Include\10.0.26100.0\um\sql.h(645,59): error C2061: syntax error: identifier 'SQLLEN'
  (compiling source file 'main.cpp')
  
C:\Program Files (x86)\Windows Kits\10\Include\10.0.26100.0\um\sql.h(686,55): error C2061: syntax error: identifier 'SQLULEN'
  (compiling source file 'main.cpp')
  
C:\Program Files (x86)\Windows Kits\10\Include\10.0.26100.0\um\sql.h(715,42): error C2061: syntax error: identifier 'SQLLEN'
  (compiling source file 'main.cpp')
  
C:\Program Files (x86)\Windows Kits\10\Include\10.0.26100.0\um\sql.h(750,84): error C2061: syntax error: identifier 'SQLLEN'
  (compiling source file 'main.cpp')
  
C:\Program Files (x86)\Windows Kits\10\Include\10.0.26100.0\um\sql.h(763,22): error C2061: syntax error: identifier 'SQLLEN'
  (compiling source file 'main.cpp')
  
C:\Program Files (x86)\Windows Kits\10\Include\10.0.26100.0\um\sql.h(826,72): error C2061: syntax error: identifier 'SQLLEN'
  (compiling source file 'main.cpp')
  
C:\Program Files (x86)\Windows Kits\10\Include\10.0.26100.0\um\sql.h(829,38): error C2061: syntax error: identifier 'SQLLEN'
  (compiling source file 'main.cpp')
  
C:\Program Files (x86)\Windows Kits\10\Include\10.0.26100.0\um\sql.h(839,33): error C2061: syntax error: identifier 'SQLULEN'
  (compiling source file 'main.cpp')
  
C:\Program Files (x86)\Windows Kits\10\Include\10.0.26100.0\um\sql.h(855,33): error C2061: syntax error: identifier 'SQLLEN'
  (compiling source file 'main.cpp')
  
C:\Program Files (x86)\Windows Kits\10\Include\10.0.26100.0\um\sql.h(868,39): error C2061: syntax error: identifier 'SQLULEN'
  (compiling source file 'main.cpp')
  
C:\Program Files (x86)\Windows Kits\10\Include\10.0.26100.0\um\sql.h(880,33): error C2061: syntax error: identifier 'SQLULEN'
  (compiling source file 'main.cpp')
  
C:\Program Files (x86)\Windows Kits\10\Include\10.0.26100.0\um\sqlext.h(1930,5): error C2061: syntax error: identifier 'SQLLEN'
  (compiling source file 'main.cpp')
  
C:\Program Files (x86)\Windows Kits\10\Include\10.0.26100.0\um\sqlext.h(1953,5): error C2061: syntax error: identifier 'SQLULEN'
  (compiling source file 'main.cpp')
  
C:\Program Files (x86)\Windows Kits\10\Include\10.0.26100.0\um\sqlext.h(1962,5): error C2061: syntax error: identifier 'SQLLEN'
  (compiling source file 'main.cpp')
  
C:\Program Files (x86)\Windows Kits\10\Include\10.0.26100.0\um\sqlext.h(2009,5): error C2061: syntax error: identifier 'SQLULEN'
  (compiling source file 'main.cpp')
  
C:\Program Files (x86)\Windows Kits\10\Include\10.0.26100.0\um\sqlext.h(2091,5): error C2061: syntax error: identifier 'SQLULEN'
  (compiling source file 'main.cpp')
  
C:\Program Files (x86)\Windows Kits\10\Include\10.0.26100.0\um\sqlext.h(2160,5): error C2061: syntax error: identifier 'SQLLEN'
  (compiling source file 'main.cpp')
  
C:\Program Files (x86)\Windows Kits\10\Include\10.0.26100.0\um\sqlext.h(2170,37): error C2065: 'LPWSTR': undeclared identifier
  (compiling source file 'main.cpp')
  
C:\Program Files (x86)\Windows Kits\10\Include\10.0.26100.0\um\sqlext.h(2170,44): error C2146: syntax error: missing ')' before identifier 'szFileName'
  (compiling source file 'main.cpp')
  
C:\Program Files (x86)\Windows Kits\10\Include\10.0.26100.0\um\sqlext.h(2176,1): error C4430: missing type specifier - int assumed. Note: C++ does not support default-int
  (compiling source file 'main.cpp')
  
C:\Program Files (x86)\Windows Kits\10\Include\10.0.26100.0\um\sqlext.h(2176,17): error C2146: syntax error: missing ';' before identifier 'TraceReturn'
  (compiling source file 'main.cpp')
  
C:\Program Files (x86)\Windows Kits\10\Include\10.0.26100.0\um\sqlext.h(2177,1): error C4430: missing type specifier - int assumed. Note: C++ does not support default-int
  (compiling source file 'main.cpp')
  
C:\Program Files (x86)\Windows Kits\10\Include\10.0.26100.0\um\sqlext.h(2177,17): error C2146: syntax error: missing ';' before identifier 'TraceVersion'
  (compiling source file 'main.cpp')
  
C:\Program Files (x86)\Windows Kits\10\Include\10.0.26100.0\um\sqlext.h(2195,1): error C4430: missing type specifier - int assumed. Note: C++ does not support default-int
  (compiling source file 'main.cpp')
  
C:\Program Files (x86)\Windows Kits\10\Include\10.0.26100.0\um\sqlext.h(2195,17): error C2146: syntax error: missing ';' before identifier 'ODBCSetTryWaitValue'
  (compiling source file 'main.cpp')
  
C:\Program Files (x86)\Windows Kits\10\Include\10.0.26100.0\um\sqlext.h(2196,1): error C4430: missing type specifier - int assumed. Note: C++ does not support default-int
  (compiling source file 'main.cpp')
  
C:\Program Files (x86)\Windows Kits\10\Include\10.0.26100.0\um\sqlext.h(2196,1): error C2086: 'int DWORD': redefinition
  (compiling source file 'main.cpp')
      C:\Program Files (x86)\Windows Kits\10\Include\10.0.26100.0\um\sqlext.h(2177,1):
      see declaration of 'DWORD'
  
C:\Program Files (x86)\Windows Kits\10\Include\10.0.26100.0\um\sqlext.h(2196,17): error C2146: syntax error: missing ';' before identifier 'ODBCGetTryWaitValue'
  (compiling source file 'main.cpp')
  
C:\Program Files (x86)\Windows Kits\10\Include\10.0.26100.0\um\sqlext.h(2218,5): error C4430: missing type specifier - int assumed. Note: C++ does not support default-int
  (compiling source file 'main.cpp')
  
C:\Program Files (x86)\Windows Kits\10\Include\10.0.26100.0\um\sqlext.h(2218,17): error C2143: syntax error: missing ';' before '*'
  (compiling source file 'main.cpp')
  
C:\Program Files (x86)\Windows Kits\10\Include\10.0.26100.0\um\sqlext.h(2218,28): error C2238: unexpected token(s) preceding ';'
  (compiling source file 'main.cpp')
  
C:\Program Files (x86)\Windows Kits\10\Include\10.0.26100.0\um\sqlext.h(2219,13): error C3646: 'dwFlags': unknown override specifier
  (compiling source file 'main.cpp')
  
C:\Program Files (x86)\Windows Kits\10\Include\10.0.26100.0\um\sqlext.h(2219,5): error C4430: missing type specifier - int assumed. Note: C++ does not support default-int
  (compiling source file 'main.cpp')
  
C:\Program Files (x86)\Windows Kits\10\Include\10.0.26100.0\um\sqlext.h(2221,17): error C2143: syntax error: missing ';' before '*'
  (compiling source file 'main.cpp')
  
C:\Program Files (x86)\Windows Kits\10\Include\10.0.26100.0\um\sqlext.h(2221,9): error C4430: missing type specifier - int assumed. Note: C++ does not support default-int
  (compiling source file 'main.cpp')
  
C:\Program Files (x86)\Windows Kits\10\Include\10.0.26100.0\um\sqlext.h(2221,24): error C2238: unexpected token(s) preceding ';'
  (compiling source file 'main.cpp')
  
C:\Program Files (x86)\Windows Kits\10\Include\10.0.26100.0\um\sqlext.h(2222,17): error C2143: syntax error: missing ';' before '*'
  (compiling source file 'main.cpp')
  
C:\Program Files (x86)\Windows Kits\10\Include\10.0.26100.0\um\sqlext.h(2222,9): error C4430: missing type specifier - int assumed. Note: C++ does not support default-int
  (compiling source file 'main.cpp')
  
C:\Program Files (x86)\Windows Kits\10\Include\10.0.26100.0\um\sqlext.h(2222,23): error C2238: unexpected token(s) preceding ';'
  (compiling source file 'main.cpp')
  
C:\Program Files (x86)\Windows Kits\10\Include\10.0.26100.0\um\sqlext.h(2225,17): error C2143: syntax error: missing ';' before '*'
  (compiling source file 'main.cpp')
  
C:\Program Files (x86)\Windows Kits\10\Include\10.0.26100.0\um\sqlext.h(2225,9): error C4430: missing type specifier - int assumed. Note: C++ does not support default-int
  (compiling source file 'main.cpp')
  
C:\Program Files (x86)\Windows Kits\10\Include\10.0.26100.0\um\sqlext.h(2225,32): error C2238: unexpected token(s) preceding ';'
  (compiling source file 'main.cpp')
  
C:\Program Files (x86)\Windows Kits\10\Include\10.0.26100.0\um\sqlext.h(2226,17): error C2143: syntax error: missing ';' before '*'
  (compiling source file 'main.cpp')
  
C:\Program Files (x86)\Windows Kits\10\Include\10.0.26100.0\um\sqlext.h(2226,9): error C4430: missing type specifier - int assumed. Note: C++ does not support default-int
  (compiling source file 'main.cpp')
  
C:\Program Files (x86)\Windows Kits\10\Include\10.0.26100.0\um\sqlext.h(2226,31): error C2238: unexpected token(s) preceding ';'
  (compiling source file 'main.cpp')
  
C:\Program Files (x86)\Windows Kits\10\Include\10.0.26100.0\um\sqlext.h(2231,1): error C4430: missing type specifier - int assumed. Note: C++ does not support default-int
  (compiling source file 'main.cpp')
  
C:\Program Files (x86)\Windows Kits\10\Include\10.0.26100.0\um\sqlext.h(2231,1): error C2086: 'int VOID': redefinition
  (compiling source file 'main.cpp')
      C:\Program Files (x86)\Windows Kits\10\Include\10.0.26100.0\um\sqlext.h(2176,1):
      see declaration of 'VOID'
  
C:\Program Files (x86)\Windows Kits\10\Include\10.0.26100.0\um\sqlext.h(2231,17): error C2146: syntax error: missing ';' before identifier 'FireVSDebugEvent'
  (compiling source file 'main.cpp')
  
C:\Program Files (x86)\Windows Kits\10\Include\10.0.26100.0\um\sqlucode.h(55,5): error C2061: syntax error: identifier 'SQLLEN'
  (compiling source file 'main.cpp')
  
C:\Program Files (x86)\Windows Kits\10\Include\10.0.26100.0\um\sqlucode.h(82,5): error C2061: syntax error: identifier 'SQLLEN'
  (compiling source file 'main.cpp')
  
C:\Program Files (x86)\Windows Kits\10\Include\10.0.26100.0\um\sqlucode.h(107,5): error C2061: syntax error: identifier 'SQLULEN'
  (compiling source file 'main.cpp')
  
C:\Program Files (x86)\Windows Kits\10\Include\10.0.26100.0\um\sqlucode.h(188,5): error C2061: syntax error: identifier 'SQLLEN'
  (compiling source file 'main.cpp')
  
C:\Program Files (x86)\Windows Kits\10\Include\10.0.26100.0\um\sqlucode.h(277,5): error C2061: syntax error: identifier 'SQLULEN'
  (compiling source file 'main.cpp')
  
C:\Program Files (x86)\Windows Kits\10\Include\10.0.26100.0\um\sqlucode.h(480,5): error C2061: syntax error: identifier 'SQLLEN'
  (compiling source file 'main.cpp')
  
C:\Program Files (x86)\Windows Kits\10\Include\10.0.26100.0\um\sqlucode.h(505,5): error C2061: syntax error: identifier 'SQLLEN'
  (compiling source file 'main.cpp')
  
C:\Program Files (x86)\Windows Kits\10\Include\10.0.26100.0\um\sqlucode.h(530,5): error C2061: syntax error: identifier 'SQLULEN'
  (compiling source file 'main.cpp')
  
C:\Program Files (x86)\Windows Kits\10\Include\10.0.26100.0\um\sqlucode.h(597,5): error C2061: syntax error: identifier 'SQLLEN'
  (compiling source file 'main.cpp')
  
C:\Program Files (x86)\Windows Kits\10\Include\10.0.26100.0\um\sqlucode.h(696,5): error C2061: syntax error: identifier 'SQLULEN'
  (compiling source file 'main.cpp')
  
C:\Program Files (x86)\Windows Kits\10\Include\10.0.26100.0\um\sqlucode.h(701,5): error C2061: syntax error: identifier 'SQLULEN'
  (compiling source file 'main.cpp')
  
C:\Program Files (x86)\Windows Kits\10\Include\10.0.26100.0\shared\minwindef.h(156,29): error C2378: 'DWORD': redefinition; symbol cannot be overloaded with a typedef
  (compiling source file 'main.cpp')
      C:\Program Files (x86)\Windows Kits\10\Include\10.0.26100.0\um\sqlext.h(2177,1):
      see declaration of 'DWORD'
  
C:\Program Files (x86)\Windows Kits\10\Include\10.0.26100.0\shared\minwindef.h(157,29): error C2378: 'BOOL': redefinition; symbol cannot be overloaded with a typedef
  (compiling source file 'main.cpp')
      C:\Program Files (x86)\Windows Kits\10\Include\10.0.26100.0\um\sqlext.h(2195,1):
      see declaration of 'BOOL'
  
C:\Program Files (x86)\Windows Kits\10\Include\10.0.26100.0\shared\minwindef.h(162,29): error C2143: syntax error: missing ';' before '*'
  (compiling source file 'main.cpp')
  
C:\Program Files (x86)\Windows Kits\10\Include\10.0.26100.0\shared\minwindef.h(162,9): error C4430: missing type specifier - int assumed. Note: C++ does not support default-int
  (compiling source file 'main.cpp')
  
C:\Program Files (x86)\Windows Kits\10\Include\10.0.26100.0\shared\minwindef.h(162,9): error C2378: 'BOOL': redefinition; symbol cannot be overloaded with a typedef
  (compiling source file 'main.cpp')
      C:\Program Files (x86)\Windows Kits\10\Include\10.0.26100.0\um\sqlext.h(2195,1):
      see declaration of 'BOOL'
  
C:\Program Files (x86)\Windows Kits\10\Include\10.0.26100.0\shared\minwindef.h(162,30): error C4430: missing type specifier - int assumed. Note: C++ does not support default-int
  (compiling source file 'main.cpp')
  
C:\Program Files (x86)\Windows Kits\10\Include\10.0.26100.0\shared\minwindef.h(163,29): error C2143: syntax error: missing ';' before '*'
  (compiling source file 'main.cpp')
  
C:\Program Files (x86)\Windows Kits\10\Include\10.0.26100.0\shared\minwindef.h(163,9): error C4430: missing type specifier - int assumed. Note: C++ does not support default-int
  (compiling source file 'main.cpp')
  
C:\Program Files (x86)\Windows Kits\10\Include\10.0.26100.0\shared\minwindef.h(163,9): error C2378: 'BOOL': redefinition; symbol cannot be overloaded with a typedef
  (compiling source file 'main.cpp')
      C:\Program Files (x86)\Windows Kits\10\Include\10.0.26100.0\um\sqlext.h(2195,1):
      see declaration of 'BOOL'
  
C:\Program Files (x86)\Windows Kits\10\Include\10.0.26100.0\shared\minwindef.h(163,30): error C4430: missing type specifier - int assumed. Note: C++ does not support default-int
  (compiling source file 'main.cpp')
  
C:\Program Files (x86)\Windows Kits\10\Include\10.0.26100.0\shared\minwindef.h(171,29): error C2143: syntax error: missing ';' before '*'
  (compiling source file 'main.cpp')
  
C:\Program Files (x86)\Windows Kits\10\Include\10.0.26100.0\shared\minwindef.h(171,9): error C4430: missing type specifier - int assumed. Note: C++ does not support default-int
  (compiling source file 'main.cpp')
  
C:\Program Files (x86)\Windows Kits\10\Include\10.0.26100.0\shared\minwindef.h(171,9): error C2378: 'DWORD': redefinition; symbol cannot be overloaded with a typedef
  (compiling source file 'main.cpp')
      C:\Program Files (x86)\Windows Kits\10\Include\10.0.26100.0\um\sqlext.h(2177,1):
      see declaration of 'DWORD'
  
C:\Program Files (x86)\Windows Kits\10\Include\10.0.26100.0\shared\minwindef.h(171,30): error C4430: missing type specifier - int assumed. Note: C++ does not support default-int
  (compiling source file 'main.cpp')
  
C:\Program Files (x86)\Windows Kits\10\Include\10.0.26100.0\shared\minwindef.h(172,29): error C2143: syntax error: missing ';' before '*'
  (compiling source file 'main.cpp')
  
C:\Program Files (x86)\Windows Kits\10\Include\10.0.26100.0\shared\minwindef.h(172,9): error C4430: missing type specifier - int assumed. Note: C++ does not support default-int
  (compiling source file 'main.cpp')
  
C:\Program Files (x86)\Windows Kits\10\Include\10.0.26100.0\shared\minwindef.h(172,9): error C2378: 'DWORD': redefinition; symbol cannot be overloaded with a typedef
  (compiling source file 'main.cpp')
      C:\Program Files (x86)\Windows Kits\10\Include\10.0.26100.0\um\sqlext.h(2177,1):
      see declaration of 'DWORD'
  
C:\Program Files (x86)\Windows Kits\10\Include\10.0.26100.0\shared\minwindef.h(172,30): error C4430: missing type specifier - int assumed. Note: C++ does not support default-int
  (compiling source file 'main.cpp')
  
C:\Program Files (x86)\Windows Kits\10\Include\10.0.26100.0\shared\basetsd.h(78,29): error C2371: 'INT64': redefinition; different basic types
  (compiling source file 'main.cpp')
      C:\Program Files (x86)\Windows Kits\10\Include\10.0.26100.0\um\sqltypes.h(64,9):
      see declaration of 'INT64'
  
C:\Program Files (x86)\Windows Kits\10\Include\10.0.26100.0\shared\basetsd.h(82,29): error C2371: 'UINT64': redefinition; different basic types
  (compiling source file 'main.cpp')
      C:\Program Files (x86)\Windows Kits\10\Include\10.0.26100.0\um\sqltypes.h(65,9):
      see declaration of 'UINT64'
  
C:\Program Files (x86)\Windows Kits\10\Include\10.0.26100.0\um\winnt.h(680,11): error C3646: 'Mask': unknown override specifier
  (compiling source file 'main.cpp')
  
C:\Program Files (x86)\Windows Kits\10\Include\10.0.26100.0\um\winnt.h(680,5): error C4430: missing type specifier - int assumed. Note: C++ does not support default-int
  (compiling source file 'main.cpp')
  
C:\Program Files (x86)\Windows Kits\10\Include\10.0.26100.0\um\winnt.h(732,9): error C4430: missing type specifier - int assumed. Note: C++ does not support default-int
  (compiling source file 'main.cpp')
  
C:\Program Files (x86)\Windows Kits\10\Include\10.0.26100.0\um\winnt.h(732,9): error C2378: 'DWORD': redefinition; symbol cannot be overloaded with a typedef
  (compiling source file 'main.cpp')
      C:\Program Files (x86)\Windows Kits\10\Include\10.0.26100.0\um\sqlext.h(2177,1):
      see declaration of 'DWORD'
  
C:\Program Files (x86)\Windows Kits\10\Include\10.0.26100.0\um\winnt.h(732,16): error C2146: syntax error: missing ';' before identifier 'FLONG'
  (compiling source file 'main.cpp')
  
C:\Program Files (x86)\Windows Kits\10\Include\10.0.26100.0\um\winnt.h(732,16): error C4430: missing type specifier - int assumed. Note: C++ does not support default-int
  (compiling source file 'main.cpp')
  
C:\Program Files (x86)\Windows Kits\10\Include\10.0.26100.0\um\winnt.h(837,9): error C4430: missing type specifier - int assumed. Note: C++ does not support default-int
  (compiling source file 'main.cpp')
  
C:\Program Files (x86)\Windows Kits\10\Include\10.0.26100.0\um\winnt.h(837,9): error C2378: 'DWORD': redefinition; symbol cannot be overloaded with a typedef
  (compiling source file 'main.cpp')
      C:\Program Files (x86)\Windows Kits\10\Include\10.0.26100.0\um\sqlext.h(2177,1):
      see declaration of 'DWORD'
  
C:\Program Files (x86)\Windows Kits\10\Include\10.0.26100.0\um\winnt.h(837,15): error C2146: syntax error: missing ';' before identifier 'LCID'
  (compiling source file 'main.cpp')
  
C:\Program Files (x86)\Windows Kits\10\Include\10.0.26100.0\um\winnt.h(837,15): error C4430: missing type specifier - int assumed. Note: C++ does not support default-int
  (compiling source file 'main.cpp')
  
C:\Program Files (x86)\Windows Kits\10\Include\10.0.26100.0\um\winnt.h(838,9): error C4430: missing type specifier - int assumed. Note: C++ does not support default-int
  (compiling source file 'main.cpp')
  
C:\Program Files (x86)\Windows Kits\10\Include\10.0.26100.0\um\winnt.h(838,9): error C2378: 'PDWORD': redefinition; symbol cannot be overloaded with a typedef
  (compiling source file 'main.cpp')
      C:\Program Files (x86)\Windows Kits\10\Include\10.0.26100.0\shared\minwindef.h(171,30):
      see declaration of 'PDWORD'
  
C:\Program Files (x86)\Windows Kits\10\Include\10.0.26100.0\um\winnt.h(838,16): error C2146: syntax error: missing ';' before identifier 'PLCID'
  (compiling source file 'main.cpp')
  
C:\Program Files (x86)\Windows Kits\10\Include\10.0.26100.0\um\winnt.h(838,16): error C4430: missing type specifier - int assumed. Note: C++ does not support default-int
  (compiling source file 'main.cpp')
  
C:\Program Files (x86)\Windows Kits\10\Include\10.0.26100.0\um\winnt.h(930,15): error C3646: 'LowPart': unknown override specifier
  (compiling source file 'main.cpp')
  
C:\Program Files (x86)\Windows Kits\10\Include\10.0.26100.0\um\winnt.h(930,9): error C4430: missing type specifier - int assumed. Note: C++ does not support default-int
  (compiling source file 'main.cpp')
  
C:\Program Files (x86)\Windows Kits\10\Include\10.0.26100.0\um\winnt.h(934,15): error C3646: 'LowPart': unknown override specifier
  (compiling source file 'main.cpp')
  
C:\Program Files (x86)\Windows Kits\10\Include\10.0.26100.0\um\winnt.h(934,9): error C4430: missing type specifier - int assumed. Note: C++ does not support default-int
  (compiling source file 'main.cpp')
  
C:\Program Files (x86)\Windows Kits\10\Include\10.0.26100.0\um\winnt.h(950,15): error C3646: 'LowPart': unknown override specifier
  (compiling source file 'main.cpp')
  
C:\Program Files (x86)\Windows Kits\10\Include\10.0.26100.0\um\winnt.h(950,9): error C4430: missing type specifier - int assumed. Note: C++ does not support default-int
  (compiling source file 'main.cpp')
  
C:\Program Files (x86)\Windows Kits\10\Include\10.0.26100.0\um\winnt.h(951,15): error C3646: 'HighPart': unknown override specifier
  (compiling source file 'main.cpp')
  
C:\Program Files (x86)\Windows Kits\10\Include\10.0.26100.0\um\winnt.h(951,9): error C4430: missing type specifier - int assumed. Note: C++ does not support default-int
  (compiling source file 'main.cpp')
  
C:\Program Files (x86)\Windows Kits\10\Include\10.0.26100.0\um\winnt.h(954,15): error C3646: 'LowPart': unknown override specifier
  (compiling source file 'main.cpp')
  
C:\Program Files (x86)\Windows Kits\10\Include\10.0.26100.0\um\winnt.h(954,9): error C4430: missing type specifier - int assumed. Note: C++ does not support default-int
  (compiling source file 'main.cpp')
  
C:\Program Files (x86)\Windows Kits\10\Include\10.0.26100.0\um\winnt.h(955,15): error C3646: 'HighPart': unknown override specifier
  (compiling source file 'main.cpp')
  
C:\Program Files (x86)\Windows Kits\10\Include\10.0.26100.0\um\winnt.h(955,9): error C4430: missing type specifier - int assumed. Note: C++ does not support default-int
  (compiling source file 'main.cpp')
  
C:\Program Files (x86)\Windows Kits\10\Include\10.0.26100.0\um\winnt.h(979,11): error C3646: 'LowPart': unknown override specifier
  (compiling source file 'main.cpp')
  
C:\Program Files (x86)\Windows Kits\10\Include\10.0.26100.0\um\winnt.h(979,5): error C4430: missing type specifier - int assumed. Note: C++ does not support default-int
  (compiling source file 'main.cpp')
  
C:\Program Files (x86)\Windows Kits\10\Include\10.0.26100.0\um\winnt.h(1246,11): error C3646: 'Flink': unknown override specifier
  (compiling source file 'main.cpp')
  
C:\Program Files (x86)\Windows Kits\10\Include\10.0.26100.0\um\winnt.h(1246,5): error C4430: missing type specifier - int assumed. Note: C++ does not support default-int
  (compiling source file 'main.cpp')
  
C:\Program Files (x86)\Windows Kits\10\Include\10.0.26100.0\um\winnt.h(1247,11): error C3646: 'Blink': unknown override specifier
  (compiling source file 'main.cpp')
  
C:\Program Files (x86)\Windows Kits\10\Include\10.0.26100.0\um\winnt.h(1247,5): error C4430: missing type specifier - int assumed. Note: C++ does not support default-int
  (compiling source file 'main.cpp')
  
C:\Program Files (x86)\Windows Kits\10\Include\10.0.26100.0\um\winnt.h(1265,11): error C3646: 'Uniquifier': unknown override specifier
  (compiling source file 'main.cpp')
  
C:\Program Files (x86)\Windows Kits\10\Include\10.0.26100.0\um\winnt.h(1265,5): error C4430: missing type specifier - int assumed. Note: C++ does not support default-int
  (compiling source file 'main.cpp')
  
C:\Program Files (x86)\Windows Kits\10\Include\10.0.26100.0\um\winnt.h(2709,11): error C3646: 'ErrorOffset': unknown override specifier
  (compiling source file 'main.cpp')
  
C:\Program Files (x86)\Windows Kits\10\Include\10.0.26100.0\um\winnt.h(2709,5): error C4430: missing type specifier - int assumed. Note: C++ does not support default-int
  (compiling source file 'main.cpp')
  
C:\Program Files (x86)\Windows Kits\10\Include\10.0.26100.0\um\winnt.h(2712,11): error C3646: 'DataOffset': unknown override specifier
  (compiling source file 'main.cpp')
  
C:\Program Files (x86)\Windows Kits\10\Include\10.0.26100.0\um\winnt.h(2712,5): error C4430: missing type specifier - int assumed. Note: C++ does not support default-int
  (compiling source file 'main.cpp')
  
C:\Program Files (x86)\Windows Kits\10\Include\10.0.26100.0\um\winnt.h(2715,11): error C3646: 'MxCsr': unknown override specifier
  (compiling source file 'main.cpp')
  
C:\Program Files (x86)\Windows Kits\10\Include\10.0.26100.0\um\winnt.h(2715,5): error C4430: missing type specifier - int assumed. Note: C++ does not support default-int
  (compiling source file 'main.cpp')
  
C:\Program Files (x86)\Windows Kits\10\Include\10.0.26100.0\um\winnt.h(2716,11): error C3646: 'MxCsr_Mask': unknown override specifier
  (compiling source file 'main.cpp')
  
C:\Program Files (x86)\Windows Kits\10\Include\10.0.26100.0\um\winnt.h(2716,5): error C4430: missing type specifier - int assumed. Note: C++ does not support default-int
  (compiling source file 'main.cpp')
  
C:\Program Files (x86)\Windows Kits\10\Include\10.0.26100.0\um\winnt.h(2749,11): error C3646: 'VectorLength': unknown override specifier
  (compiling source file 'main.cpp')
  
C:\Program Files (x86)\Windows Kits\10\Include\10.0.26100.0\um\winnt.h(2749,5): error C4430: missing type specifier - int assumed. Note: C++ does not support default-int
  (compiling source file 'main.cpp')
  
C:\Program Files (x86)\Windows Kits\10\Include\10.0.26100.0\um\winnt.h(2750,11): error C3646: 'VectorRegisterOffset': unknown override specifier
  (compiling source file 'main.cpp')
  
C:\Program Files (x86)\Windows Kits\10\Include\10.0.26100.0\um\winnt.h(2750,5): error C4430: missing type specifier - int assumed. Note: C++ does not support default-int
  (compiling source file 'main.cpp')
  
C:\Program Files (x86)\Windows Kits\10\Include\10.0.26100.0\um\winnt.h(2751,11): error C3646: 'PredicateRegisterOffset': unknown override specifier
  (compiling source file 'main.cpp')
  
C:\Program Files (x86)\Windows Kits\10\Include\10.0.26100.0\um\winnt.h(2751,5): error C4430: missing type specifier - int assumed. Note: C++ does not support default-int
  (compiling source file 'main.cpp')
  
C:\Program Files (x86)\Windows Kits\10\Include\10.0.26100.0\um\winnt.h(2752,11): error C3646: 'Reserved': unknown override specifier
  (compiling source file 'main.cpp')
  
C:\Program Files (x86)\Windows Kits\10\Include\10.0.26100.0\um\winnt.h(2752,19): error C2143: syntax error: missing ',' before '['
  (compiling source file 'main.cpp')
  
C:\Program Files (x86)\Windows Kits\10\Include\10.0.26100.0\um\winnt.h(2752,22): error C2238: unexpected token(s) preceding ';'
  (compiling source file 'main.cpp')
  
C:\Program Files (x86)\Windows Kits\10\Include\10.0.26100.0\um\winnt.h(2752,22): error C1003: error count exceeds 100; stopping compilation
  (compiling source file 'main.cpp')
  
